// Vitest Snapshot v1, https://vitest.dev/guide/snapshot.html

exports[`preserves all proposal kinds, summaries, truncation and redacted technical details 1`] = `
[
  {
    "details": "{
  "mutation": "propose_new",
  "name": "二次函数",
  "parent_id": "kc-parent"
}",
    "kind": "knowledge_node",
    "summary": [
      {
        "label": "新知识点",
        "value": "二次函数",
      },
    ],
    "title": "新知识点：二次函数",
  },
  {
    "details": "{
  "edge_op": "supersede",
  "from_knowledge_id": "kc-a",
  "to_knowledge_id": "kc-b",
  "relation_type": "prerequisite",
  "weight": 0.8
}",
    "kind": "knowledge_edge",
    "summary": [
      {
        "label": "动作",
        "value": "替换关系",
      },
      {
        "label": "关系",
        "value": "前置关系",
      },
    ],
    "title": "调整知识关系",
  },
  {
    "details": "{
  "mutation": "split",
  "from_id": "kc-a",
  "into": [
    {
      "name": "定义域",
      "parent_id": null
    },
    {
      "name": "值域",
      "parent_id": "kc-parent"
    }
  ],
  "expected_version": 3
}",
    "kind": "knowledge_mutation",
    "summary": [
      {
        "label": "动作",
        "value": "拆分知识点",
      },
      {
        "label": "范围",
        "value": "拆成 2 个知识点",
      },
    ],
    "title": "拆分知识点",
  },
  {
    "details": "{
  "hub": {
    "title": "  第一行：函数与图像\\n第二行：保留条件和完整推导。  第一行：函数与图像\\n第二行：保留条件和完整推导。  第一行：函数与图像\\n第二行：保留条件和完整推导。  第一行：函数与图像\\n第二行：保留条件和完整推导。  第一行：函数与图像\\n第二行：保留条件和完整推导。"
  },
  "atomics": [
    {
      "title": "概念辨析"
    }
  ],
  "longs": [
    {
      "title": "综合应用"
    },
    {
      "title": "复习"
    }
  ]
}",
    "kind": "learning_item",
    "summary": [
      {
        "label": "学习主线",
        "value": "第一行：函数与图像 第二行：保留条件和完整推导。 第一行：函数与图像 第二行：保留条件和完整推导。 第一行：函数与图像 第二行：保留条件和完整推导。 第一行：函数与图像 第二行：保留条件和完整推导。 第一行：函数与图像 第二行：保留条件和…",
      },
      {
        "label": "计划",
        "value": "3 个学习步骤",
      },
    ],
    "title": "建立学习主线：第一行：函数与图像 第二行：保留条件和完整推导。 第一行：函数与图像 第二行：保留条件和完整推…",
  },
  {
    "details": "{
  "patch": {
    "ops": [
      {
        "op": "replace_block"
      },
      {
        "op": "append_block"
      }
    ]
  },
  "summary": {
    "ops_count": 2,
    "new_blocks": 1
  }
}",
    "kind": "note_update",
    "summary": [
      {
        "label": "修改",
        "value": "2 处内容调整",
      },
      {
        "label": "新增",
        "value": "1 个内容块",
      },
    ],
    "title": "更新学习笔记：2 处内容调整，其中新增 1 块",
  },
  {
    "details": "{
  "prompt_md": "  第一行：函数与图像\\n第二行：保留条件和完整推导。  第一行：函数与图像\\n第二行：保留条件和完整推导。  第一行：函数与图像\\n第二行：保留条件和完整推导。  第一行：函数与图像\\n第二行：保留条件和完整推导。  第一行：函数与图像\\n第二行：保留条件和完整推导。",
  "variant_depth": 2,
  "nested": {
    "evidence": [
      "original"
    ]
  },
  "difficulty_estimate": "偏高（AI 估计，仅供参考）"
}",
    "kind": "variant_question",
    "summary": [
      {
        "label": "新题题面",
        "value": "第一行：函数与图像 第二行：保留条件和完整推导。 第一行：函数与图像 第二行：保留条件和完整推导。 第一行：函数与图像 第二行：保留条件和完整推导。 第一行：函数与图像 第二行：保留条件和完整推导。 第一行：函数与图像 第二行：保留条件和…",
      },
      {
        "label": "AI 估计难度",
        "value": "偏高（AI 估计，仅供参考）",
      },
      {
        "label": "变式层级",
        "value": "第 2 层",
      },
    ],
    "title": "生成变式练习：第一行：函数与图像 第二行：保留条件和完整推导。 第一行：函数与图像 第二行：保留条件和完整推…",
  },
  {
    "details": "{
  "triggering_signals": [
    "check_all_passed",
    "no_recent_mistake"
  ]
}",
    "kind": "completion",
    "summary": [
      {
        "label": "建议",
        "value": "标记学习项已完成",
      },
      {
        "label": "依据",
        "value": "所有检查均通过、近期没有同类错误",
      },
    ],
    "title": "确认学习项已完成",
  },
  {
    "details": "{
  "days_since_done": 21,
  "nested": {
    "note": "保留其他技术信息"
  },
  "mastery_trend_estimate": "较历史高点明显回落（AI 估计，仅供参考）"
}",
    "kind": "relearn",
    "summary": [
      {
        "label": "距上次完成",
        "value": "21 天",
      },
      {
        "label": "AI 估计掌握趋势",
        "value": "较历史高点明显回落（AI 估计，仅供参考）",
      },
    ],
    "title": "重新巩固学习项",
  },
  {
    "details": "{
  "defer_until": "2026-10-08",
  "reason": "先复习定义域，再做综合题。"
}",
    "kind": "defer",
    "summary": [
      {
        "label": "延后到",
        "value": "2026-10-08",
      },
      {
        "label": "安排说明",
        "value": "先复习定义域，再做综合题。",
      },
    ],
    "title": "调整学习安排",
  },
  {
    "details": "{
  "link_refs": [
    {
      "id": "r-a"
    },
    {
      "id": "r-b"
    }
  ]
}",
    "kind": "record_links",
    "summary": [
      {
        "label": "关联",
        "value": "2 条关联",
      },
    ],
    "title": "补充记录关联",
  },
  {
    "details": "{
  "target": "artifact",
  "draft": {
    "title": "整理函数知识",
    "prompt_md": "后备题面"
  }
}",
    "kind": "record_promotion",
    "summary": [
      {
        "label": "目标",
        "value": "整理为学习笔记",
      },
      {
        "label": "草稿标题或题面",
        "value": "整理函数知识",
      },
    ],
    "title": "整理学习记录：整理为学习笔记",
  },
  {
    "details": "{
  "archived_reason": "已有新版本",
  "reason": "不应覆盖优先原因"
}",
    "kind": "archive",
    "summary": [
      {
        "label": "动作",
        "value": "移出当前工作区",
      },
      {
        "label": "原因",
        "value": "已有新版本",
      },
    ],
    "title": "归档学习内容",
  },
  {
    "details": "{
  "reason_md": "原评估遗漏图片中的第二步。"
}",
    "kind": "judge_retraction",
    "summary": [
      {
        "label": "动作",
        "value": "撤回这次 AI 判定",
      },
      {
        "label": "复核说明",
        "value": "原评估遗漏图片中的第二步。",
      },
    ],
    "title": "复核一次 AI 判定",
  },
  {
    "details": "{
  "title": "复习函数",
  "scope_knowledge_ids": [
    "kc-a",
    "kc-b"
  ],
  "sequence_hint": 0,
  "reasoning": "覆盖薄弱知识点。"
}",
    "kind": "goal_scope",
    "summary": [
      {
        "label": "目标",
        "value": "复习函数",
      },
      {
        "label": "范围",
        "value": "2 个知识点",
      },
      {
        "label": "判断依据",
        "value": "覆盖薄弱知识点。",
      },
    ],
    "title": "确认目标范围：复习函数",
  },
  {
    "details": "{
  "primary_block_id": "block-a",
  "merge_block_ids": [
    "block-b",
    "block-c"
  ],
  "ingestion_session_id": "session-a",
  "continuity_signal": "page_edge",
  "confidence": 0.87
}",
    "kind": "block_merge",
    "summary": [
      {
        "label": "动作",
        "value": "保留 1 块，并入 2 块",
      },
    ],
    "title": "合并 3 个被切断的题块",
  },
  {
    "details": "{
  "source_url": "https://example.com/exam",
  "source_title": "  第一行：函数与图像\\n第二行：保留条件和完整推导。  第一行：函数与图像\\n第二行：保留条件和完整推导。  第一行：函数与图像\\n第二行：保留条件和完整推导。  第一行：函数与图像\\n第二行：保留条件和完整推导。  第一行：函数与图像\\n第二行：保留条件和完整推导。",
  "summary_md": "图片中包含函数图像和条件。",
  "knowledge_ids": [
    "kc-a"
  ],
  "requested_kind": "short_answer"
}",
    "kind": "image_candidate",
    "summary": [
      {
        "label": "来源",
        "value": "第一行：函数与图像 第二行：保留条件和完整推导。 第一行：函数与图像 第二行：保留条件和完整推导。 第一行：函数与图像 第二行：保留条件和完整推导。 第一行：函数与图像 第二行：保留条件和完整推导。 第一行：函数与图像 第二行：保留条件和…",
      },
      {
        "label": "图题判断",
        "value": "图片中包含函数图像和条件。",
      },
      {
        "label": "题型",
        "value": "简答题",
      },
    ],
    "title": "图题来源：第一行：函数与图像 第二行：保留条件和完整推导。 第一行：函数与图像 第二行：保留条件和完整推…",
  },
  {
    "details": "{
  "question_id": "draft-a",
  "kind": "short_answer",
  "knowledge_ids": [
    "kc-a"
  ],
  "seed_mode": "knowledge",
  "prompt_preview": "  第一行：函数与图像\\n第二行：保留条件和完整推导。  第一行：函数与图像\\n第二行：保留条件和完整推导。  第一行：函数与图像\\n第二行：保留条件和完整推导。  第一行：函数与图像\\n第二行：保留条件和完整推导。  第一行：函数与图像\\n第二行：保留条件和完整推导。",
  "difficulty_estimate": "偏高（AI 估计，仅供参考）"
}",
    "kind": "question_draft",
    "summary": [
      {
        "label": "题面",
        "value": "第一行：函数与图像 第二行：保留条件和完整推导。 第一行：函数与图像 第二行：保留条件和完整推导。 第一行：函数与图像 第二行：保留条件和完整推导。 第一行：函数与图像 第二行：保留条件和完整推导。 第一行：函数与图像 第二行：保留条件和…",
      },
      {
        "label": "题型",
        "value": "简答题",
      },
      {
        "label": "AI 估计难度",
        "value": "偏高（AI 估计，仅供参考）",
      },
    ],
    "title": "审核新题：第一行：函数与图像 第二行：保留条件和完整推导。 第一行：函数与图像 第二行：保留条件和完整推…",
  },
  {
    "details": "{
  "question_id": "q-a",
  "edit": {
    "op": "edit_reference",
    "node_id": "node-a",
    "answers": [
      "x=2",
      "x=-2"
    ],
    "analysis": "代回原式验证。"
  },
  "node_preview": "  第一行：函数与图像\\n第二行：保留条件和完整推导。  第一行：函数与图像\\n第二行：保留条件和完整推导。  第一行：函数与图像\\n第二行：保留条件和完整推导。  第一行：函数与图像\\n第二行：保留条件和完整推导。  第一行：函数与图像\\n第二行：保留条件和完整推导。"
}",
    "kind": "question_edit",
    "summary": [
      {
        "label": "修改",
        "value": "修改答案或解析",
      },
      {
        "label": "题面定位",
        "value": "第一行：函数与图像 第二行：保留条件和完整推导。 第一行：函数与图像 第二行：保留条件和完整推导。 第一行：函数与图像 第二行：保留条件和完整推导。 第一行：函数与图像 第二行：保留条件和完整推导。 第一行：函数与图像 第二行：保留条件和…",
      },
      {
        "label": "新答案",
        "value": "x=2；x=-2",
      },
      {
        "label": "新解析",
        "value": "代回原式验证。",
      },
    ],
    "title": "修订一道题目：第一行：函数与图像 第二行：保留条件和完整推导。 第一行：函数与图像 第二行：保留条件和完整推…",
  },
  {
    "details": null,
    "kind": "conjecture",
    "summary": [
      {
        "label": "观察",
        "value": "可能混淆定义域和值域",
      },
      {
        "label": "验证方式",
        "value": "给出图像并说明定义域。",
      },
      {
        "label": "重复信号",
        "value": "3 次",
      },
    ],
    "title": "验证诊断推测：可能混淆定义域和值域",
  },
  {
    "details": "{
  "category_id": "domain_confusion",
  "label": "定义域混淆",
  "description": "把自变量范围和函数值范围混淆。",
  "source": "owner"
}",
    "kind": "cause_category",
    "summary": [
      {
        "label": "新类目",
        "value": "定义域混淆",
      },
      {
        "label": "类目 id",
        "value": "domain_confusion",
      },
      {
        "label": "说明",
        "value": "把自变量范围和函数值范围混淆。",
      },
      {
        "label": "来源",
        "value": "人工提议",
      },
    ],
    "title": "收编错因类目：定义域混淆",
  },
]
`;
