docs/planning/evidence/yuk1358-start-event-detail/audit-draft-status-reads.log:17: new blank line at EOF.
docs/planning/evidence/yuk1358-start-event-detail/build-final.log:89: trailing whitespace.
+[plugin builtin:vite-reporter] 
docs/planning/evidence/yuk1358-start-event-detail/build-final.log:218: trailing whitespace.
+[plugin builtin:vite-reporter] 
docs/planning/evidence/yuk1358-start-event-detail/build-start-initial.log:125: trailing whitespace.
+[plugin builtin:vite-reporter] 
docs/planning/evidence/yuk1358-start-event-detail/lint-final.log:5: trailing whitespace.
+  
docs/planning/evidence/yuk1358-start-event-detail/lint-final.log:12: trailing whitespace.
+  
docs/planning/evidence/yuk1358-start-event-detail/lint-final.log:14: trailing whitespace.
+  
docs/planning/evidence/yuk1358-start-event-detail/lint-final.log:19: trailing whitespace.
+  
docs/planning/evidence/yuk1358-start-event-detail/lint-final.log:26: trailing whitespace.
+  
docs/planning/evidence/yuk1358-start-event-detail/lint-final.log:28: trailing whitespace.
+  
docs/planning/evidence/yuk1358-start-event-detail/lint-final.log:33: trailing whitespace.
+  
docs/planning/evidence/yuk1358-start-event-detail/lint-final.log:40: trailing whitespace.
+  
docs/planning/evidence/yuk1358-start-event-detail/lint-final.log:42: trailing whitespace.
+  
docs/planning/evidence/yuk1358-start-event-detail/lint-final.log:47: trailing whitespace.
+  
docs/planning/evidence/yuk1358-start-event-detail/lint-final.log:54: trailing whitespace.
+  
docs/planning/evidence/yuk1358-start-event-detail/lint-final.log:56: trailing whitespace.
+  
docs/planning/evidence/yuk1358-start-event-detail/lint-final.log:61: trailing whitespace.
+  
docs/planning/evidence/yuk1358-start-event-detail/lint-final.log:68: trailing whitespace.
+  
docs/planning/evidence/yuk1358-start-event-detail/lint-final.log:70: trailing whitespace.
+  
docs/planning/evidence/yuk1358-start-event-detail/lint-final.log:75: trailing whitespace.
+  
docs/planning/evidence/yuk1358-start-event-detail/lint-final.log:82: trailing whitespace.
+  
docs/planning/evidence/yuk1358-start-event-detail/lint-final.log:84: trailing whitespace.
+  
docs/planning/evidence/yuk1358-start-event-detail/lint-final.log:89: trailing whitespace.
+  
docs/planning/evidence/yuk1358-start-event-detail/lint-final.log:96: trailing whitespace.
+  
docs/planning/evidence/yuk1358-start-event-detail/lint-final.log:98: trailing whitespace.
+  
docs/planning/evidence/yuk1358-start-event-detail/lint-final.log:103: trailing whitespace.
+  
docs/planning/evidence/yuk1358-start-event-detail/lint-final.log:110: trailing whitespace.
+  
docs/planning/evidence/yuk1358-start-event-detail/lint-final.log:112: trailing whitespace.
+  
docs/planning/evidence/yuk1358-start-event-detail/lint-final.log:117: trailing whitespace.
+  
docs/planning/evidence/yuk1358-start-event-detail/lint-final.log:123: trailing whitespace.
+  
docs/planning/evidence/yuk1358-start-event-detail/lint-final.log:125: trailing whitespace.
+  
docs/planning/evidence/yuk1358-start-event-detail/lint-final.log:130: trailing whitespace.
+  
docs/planning/evidence/yuk1358-start-event-detail/lint-final.log:136: trailing whitespace.
+    65 │ 
docs/planning/evidence/yuk1358-start-event-detail/lint-final.log:137: trailing whitespace.
+  
docs/planning/evidence/yuk1358-start-event-detail/lint-final.log:139: trailing whitespace.
+  
docs/planning/evidence/yuk1358-start-event-detail/lint-final.log:144: trailing whitespace.
+  
docs/planning/evidence/yuk1358-start-event-detail/lint-final.log:151: trailing whitespace.
+  
docs/planning/evidence/yuk1358-start-event-detail/lint-final.log:153: trailing whitespace.
+  
docs/planning/evidence/yuk1358-start-event-detail/lint-final.log:158: trailing whitespace.
+  
docs/planning/evidence/yuk1358-start-event-detail/lint-final.log:165: trailing whitespace.
+  
docs/planning/evidence/yuk1358-start-event-detail/lint-final.log:167: trailing whitespace.
+  
docs/planning/evidence/yuk1358-start-event-detail/lint-final.log:172: trailing whitespace.
+  
docs/planning/evidence/yuk1358-start-event-detail/lint-final.log:179: trailing whitespace.
+  
docs/planning/evidence/yuk1358-start-event-detail/lint-final.log:181: trailing whitespace.
+  
docs/planning/evidence/yuk1358-start-event-detail/lint-final.log:186: trailing whitespace.
+  
docs/planning/evidence/yuk1358-start-event-detail/lint-final.log:193: trailing whitespace.
+  
docs/planning/evidence/yuk1358-start-event-detail/lint-final.log:195: trailing whitespace.
+  
docs/planning/evidence/yuk1358-start-event-detail/lint-final.log:200: trailing whitespace.
+  
docs/planning/evidence/yuk1358-start-event-detail/lint-final.log:207: trailing whitespace.
+  
docs/planning/evidence/yuk1358-start-event-detail/lint-final.log:209: trailing whitespace.
+  
docs/planning/evidence/yuk1358-start-event-detail/lint-final.log:214: trailing whitespace.
+  
docs/planning/evidence/yuk1358-start-event-detail/lint-final.log:221: trailing whitespace.
+  
docs/planning/evidence/yuk1358-start-event-detail/lint-final.log:223: trailing whitespace.
+  
docs/planning/evidence/yuk1358-start-event-detail/lint-final.log:228: trailing whitespace.
+  
docs/planning/evidence/yuk1358-start-event-detail/lint-final.log:235: trailing whitespace.
+  
docs/planning/evidence/yuk1358-start-event-detail/lint-final.log:237: trailing whitespace.
+  
docs/planning/evidence/yuk1358-start-event-detail/lint-final.log:242: trailing whitespace.
+  
docs/planning/evidence/yuk1358-start-event-detail/lint-final.log:248: trailing whitespace.
+  
docs/planning/evidence/yuk1358-start-event-detail/lint-final.log:250: trailing whitespace.
+  
docs/planning/evidence/yuk1358-start-event-detail/lint-final.log:255: trailing whitespace.
+  
docs/planning/evidence/yuk1358-start-event-detail/lint-final.log:262: trailing whitespace.
+  
docs/planning/evidence/yuk1358-start-event-detail/lint-final.log:264: trailing whitespace.
+  
docs/planning/evidence/yuk1358-start-event-detail/lint-final.log:269: trailing whitespace.
+  
docs/planning/evidence/yuk1358-start-event-detail/lint-final.log:276: trailing whitespace.
+  
docs/planning/evidence/yuk1358-start-event-detail/lint-final.log:278: trailing whitespace.
+  
docs/planning/evidence/yuk1358-start-event-detail/unit-final.log:12: new blank line at EOF.
docs/planning/evidence/yuk1358-start-event-detail/unit-initial.log:42: new blank line at EOF.
